; re/Wings.lst 0x01EBF0-0x01EC52: audio_irq [asm], a part of 0x01EBAA-0x01EC63
loc_01ebf0:
01ebf0  0300                 btst.l     d1, d0
01ebf2  67000048             beq.w      $1ec3c
01ebf6  4a90                 tst.l      (a0)
01ebf8  67000012             beq.w      $1ec0c
01ebfc  4a680014             tst.w      $14(a0)
01ec00  6d000038             blt.w      $1ec3a
01ec04  53680014             subq.w     #$1, $14(a0)
01ec08  6c000030             bge.w      $1ec3a
loc_01ec0c:
01ec0c  b67c0001             cmp.w      #$1, d3
01ec10  66000006             bne.w      $1ec18
01ec14  422ccf18             clr.b      -$30e8(a4)                             ; g_027f16
loc_01ec18:
01ec18  03c4                 bset.b     d1, d4
01ec1a  3d44009a             move.w     d4, $9a(a6)
01ec1e  3d420096             move.w     d2, $96(a6)
01ec22  217cffffffff0016     move.l     #$ffffffff, $16(a0)
01ec2a  42690008             clr.w      $8(a1)
01ec2e  42a8000e             clr.l      $e(a0)
01ec32  216cce6c0004         move.l     -$3194(a4), $4(a0)                     ; sound_vblanks
01ec38  4290                 clr.l      (a0)
loc_01ec3a:
01ec3a  03c4                 bset.b     d1, d4
loc_01ec3c:
01ec3c  5241                 addq.w     #$1, d1
01ec3e  e34a                 lsl.w      #$1, d2
01ec40  d0fc001e             adda.w     #$1e, a0
01ec44  d2fc0010             adda.w     #$10, a1
01ec48  51cbffa6             dbra       d3, $1ebf0
01ec4c  4a44                 tst.w      d4
01ec4e  67000006             beq.w      $1ec56
01ec52  3d44009c             move.w     d4, $9c(a6)
