; songplay, the music player of Wings of Fury: CODE 2696 bytes with 138 relocations, DATA 988, BSS 4 (re/notes/music.md)
; CODE at 0x0000, DATA at 0x1000, BSS at 0x2000; generated by tools/disasm_player.py


; ================================================================================================
; segentry   the entry: the command in D0 picks one of thirteen (re/names.txt, music)
segentry:
0000  b07c0000             cmp.w      #$0, d0                           
0004  670009b6             beq.w      $9bc                              ; _OpenTimerInt
0008  b07c0001             cmp.w      #$1, d0                           
000c  67000938             beq.w      $946                              ; _ReadInstruments
0010  b07c0002             cmp.w      #$2, d0                           
0014  67000914             beq.w      $92a                              ; _PlaySong
0018  b07c0003             cmp.w      #$3, d0                           
001c  6746                 beq.b      $64                               ; _StopSong
001e  b07c0004             cmp.w      #$4, d0                           
0022  67000a2c             beq.w      $a50                              ; _CloseTimerInt
0026  b07c0005             cmp.w      #$5, d0                           
002a  67000272             beq.w      $29e                              ; _GetSongStat
002e  b07c0006             cmp.w      #$6, d0                           
0032  6750                 beq.b      $84                               ; _FadeSong
0034  b07c0007             cmp.w      #$7, d0                           
0038  6770                 beq.b      $aa                               ; _PlaySfx
003a  b07c0008             cmp.w      #$8, d0                           
003e  67000168             beq.w      $1a8                              ; _StopSfx
0042  b07c0009             cmp.w      #$9, d0                           
0046  670001a2             beq.w      $1ea                              ; _SfxStat
004a  b07c000a             cmp.w      #$a, d0                           
004e  670001aa             beq.w      $1fa                              ; _PauseMusic
0052  b07c000b             cmp.w      #$b, d0                           
0056  670001e8             beq.w      $240                              ; _RestartMusic
005a  b07c000c             cmp.w      #$c, d0                           
005e  670001f2             beq.w      $252                              ; _AdjustSfx
0062  4e75                 rts                                          

; ================================================================================================
; _StopSong   command 3: PlayState 3, which the next tick turns into a stop
_StopSong:
0064  4a790000127c         tst.w      $127c.l                           ; PlayState
006a  6716                 beq.b      $82                               
006c  42790000128e         clr.w      $128e.l                           ; Paused
0072  33fc000f00dff096     move.w     #$f, $dff096.l                    
007a  33fc00030000127c     move.w     #$3, $127c.l                      ; PlayState
0082  4e75                 rts                                          

; ================================================================================================
; _FadeSong   command 6: (D1 speed) the volumes go down a step every speed + 1 ticks
_FadeSong:
0084  4a790000128e         tst.w      $128e.l                           ; Paused
008a  66d8                 bne.b      $64                               ; _StopSong
008c  4a790000127c         tst.w      $127c.l                           ; PlayState
0092  6714                 beq.b      $a8                               
0094  33c10000128a         move.w     d1, $128a.l                       ; FadeCount
009a  33c10000128c         move.w     d1, $128c.l                       ; FadeSpeed
00a0  33fc00040000127c     move.w     #$4, $127c.l                      ; PlayState
00a8  4e75                 rts                                          

; ================================================================================================
; _PlaySfx   command 7: a sound effect on a music channel, started by the next tick
_PlaySfx:
00aa  48e7ffff             movem.l    d0-d7/a0-a7, -(a7)                
00ae  b1fc00000000         cmpa.l     #$0, a0                           
00b4  6748                 beq.b      $fe                               
00b6  33c100001294         move.w     d1, $1294.l                       ; SoundChannel
00bc  33c200001296         move.w     d2, $1296.l                       ; SoundVolume
00c2  33c300001298         move.w     d3, $1298.l                       ; SoundCount
00c8  33c400001284         move.w     d4, $1284.l                       ; SfxMusicVol
00ce  03f900001282         bset.b     d1, $1282.l                       ; SfxState
00d4  4247                 clr.w      d7                                
00d6  03c7                 bset.b     d1, d7                            
00d8  43f90000129a         lea.l      $129a.l, a1                       ; TrackInfo
00de  e549                 lsl.w      #$2, d1                           
00e0  22711000             movea.l    (a1, d1.w), a1                    
00e4  23c800001290         move.l     a0, $1290.l                       ; SoundPtr
00ea  24690028             movea.l    $28(a1), a2                       
00ee  4252                 clr.w      (a2)                              
00f0  2469002c             movea.l    $2c(a1), a2                       
00f4  34bc007c             move.w     #$7c, (a2)                        
00f8  33c700dff096         move.w     d7, $dff096.l                     
00fe  4cdfffff             movem.l    (a7)+, d0-d7/a0-a7                
0102  4e75                 rts                                          

; ================================================================================================
; sfx_start   the tick's part of _PlaySfx: the effect's sample on its channel
sfx_start:
0104  323900001294         move.w     $1294.l, d1                       ; SoundChannel
010a  343900001296         move.w     $1296.l, d2                       ; SoundVolume
0110  363900001298         move.w     $1298.l, d3                       ; SoundCount
0116  207900001290         movea.l    $1290.l, a0                       ; SoundPtr
011c  03f900001282         bset.b     d1, $1282.l                       ; SfxState
0122  4247                 clr.w      d7                                
0124  03c7                 bset.b     d1, d7                            
0126  33c700001002         move.w     d7, $1002.l                       ; dma_off
012c  8e7c8000             or.w       #$8000, d7                        
0130  33c700001000         move.w     d7, $1000.l                       ; dma_on
0136  ef4f                 lsl.w      #$7, d7                           
0138  8e7c8000             or.w       #$8000, d7                        
013c  33c700001004         move.w     d7, $1004.l                       ; int_on
0142  43f90000129a         lea.l      $129a.l, a1                       ; TrackInfo
0148  e549                 lsl.w      #$2, d1                           
014a  22711000             movea.l    (a1, d1.w), a1                    
014e  337cffff0046         move.w     #$ffff, $46(a1)                   
0154  2448                 movea.l    a0, a2                            
0156  4eba0844             jsr        $99c(pc)                          ; find_vhdr
015a  264a                 movea.l    a2, a3                            
015c  4eba084e             jsr        $9ac(pc)                          ; find_body
0160  2c690028             movea.l    $28(a1), a6                       
0164  3c82                 move.w     d2, (a6)                          
0166  33430048             move.w     d3, $48(a1)                       
016a  2c690030             movea.l    $30(a1), a6                       
016e  2c8a                 move.l     a2, (a6)                          
0170  2c690034             movea.l    $34(a1), a6                       
0174  2413                 move.l     (a3), d2                          
0176  e24a                 lsr.w      #$1, d2                           
0178  3c82                 move.w     d2, (a6)                          
017a  2c69002c             movea.l    $2c(a1), a6                       
017e  342b000c             move.w     $c(a3), d2                        
0182  263c00369e99         move.l     #$369e99, d3                      
0188  86c2                 divu.w     d2, d3                            
018a  3c83                 move.w     d3, (a6)                          
018c  33f90000100000dff096 move.w     $1000.l, $dff096.l                ; dma_on
0196  33f90000100400dff09a move.w     $1004.l, $dff09a.l                ; int_on
01a0  42b900001290         clr.l      $1290.l                           ; SoundPtr
01a6  4e75                 rts                                          

; ================================================================================================
; _StopSfx   command 8
_StopSfx:
01a8  48e760c0             movem.l    d1-d2/a0-a1, -(a7)                
01ac  4242                 clr.w      d2                                
01ae  03c2                 bset.b     d1, d2                            
01b0  03b900001282         bclr.b     d1, $1282.l                       ; SfxState
01b6  41f90000129a         lea.l      $129a.l, a0                       ; TrackInfo
01bc  e549                 lsl.w      #$2, d1                           
01be  20701000             movea.l    (a0, d1.w), a0                    
01c2  22680028             movea.l    $28(a0), a1                       
01c6  4251                 clr.w      (a1)                              
01c8  2268002c             movea.l    $2c(a0), a1                       
01cc  32bc007c             move.w     #$7c, (a1)                        
01d0  33c200dff096         move.w     d2, $dff096.l                     
01d6  317cffff0012         move.w     #$ffff, $12(a0)                   
01dc  42680048             clr.w      $48(a0)                           
01e0  42680046             clr.w      $46(a0)                           
01e4  4cdf0306             movem.l    (a7)+, d1-d2/a0-a1                
01e8  4e75                 rts                                          

; ================================================================================================
; _SfxStat   command 9
_SfxStat:
01ea  4240                 clr.w      d0                                
01ec  033900001282         btst.l     d1, $1282.l                       ; SfxState
01f2  6704                 beq.b      $1f8                              
01f4  303cffff             move.w     #$ffff, d0                        
01f8  4e75                 rts                                          

; ================================================================================================
; _PauseMusic   command 10: every track back to its pattern's start, DMA off
_PauseMusic:
01fa  33fcffff0000128e     move.w     #$ffff, $128e.l                   ; Paused
0202  41f9000012aa         lea.l      $12aa.l, a0                       ; Track0Info
0208  6122                 bsr.b      $22c                              ; track_rewind
020a  41f9000012f4         lea.l      $12f4.l, a0                       ; Track1Info
0210  611a                 bsr.b      $22c                              ; track_rewind
0212  41f90000133e         lea.l      $133e.l, a0                       ; Track2Info
0218  6112                 bsr.b      $22c                              ; track_rewind
021a  41f900001388         lea.l      $1388.l, a0                       ; Track3Info
0220  610a                 bsr.b      $22c                              ; track_rewind
0222  33fc000f00dff096     move.w     #$f, $dff096.l                    
022a  4e75                 rts                                          

; ================================================================================================
; track_rewind   a track's pattern pointer back to its sequence entry, no note held
track_rewind:
022c  22680002             movea.l    $2(a0), a1                        
0230  2028000a             move.l     $a(a0), d0                        
0234  217100000006         move.l     (a1, d0.w), $6(a0)                
023a  4268000e             clr.w      $e(a0)                            
023e  4e75                 rts                                          

; ================================================================================================
; _RestartMusic   command 11
_RestartMusic:
0240  4a790000127c         tst.w      $127c.l                           ; PlayState
0246  670006e2             beq.w      $92a                              ; _PlaySong
024a  42790000128e         clr.w      $128e.l                           ; Paused
0250  4e75                 rts                                          

; ================================================================================================
; _AdjustSfx   command 12
_AdjustSfx:
0252  033900001282         btst.l     d1, $1282.l                       ; SfxState
0258  6720                 beq.b      $27a                              
025a  41f90000129a         lea.l      $129a.l, a0                       ; TrackInfo
0260  e549                 lsl.w      #$2, d1                           
0262  20701000             movea.l    (a0, d1.w), a0                    
0266  2c680028             movea.l    $28(a0), a6                       
026a  3c83                 move.w     d3, (a6)                          
026c  2c68002c             movea.l    $2c(a0), a6                       
0270  263c00369e99         move.l     #$369e99, d3                      
0276  86c2                 divu.w     d2, d3                            
0278  3c83                 move.w     d3, (a6)                          
027a  4e75                 rts                                          

; ================================================================================================
; PlaySong   (A0 song) SongAddr and PlayState 1, which the next tick begins
PlaySong:
027c  48e7e0e0             movem.l    d0-d2/a0-a2, -(a7)                
0280  b1fc00000000         cmpa.l     #$0, a0                           
0286  6b10                 bmi.b      $298                              
0288  670e                 beq.b      $298                              
028a  23c800001286         move.l     a0, $1286.l                       ; SongAddr
0290  33fc00010000127c     move.w     #$1, $127c.l                      ; PlayState
0298  4cdf0707             movem.l    (a7)+, d0-d2/a0-a2                
029c  4e75                 rts                                          

; ================================================================================================
; _GetSongStat   command 5: -> PlayState
_GetSongStat:
029e  30390000127c         move.w     $127c.l, d0                       ; PlayState
02a4  4e75                 rts                                          

; ================================================================================================
; SongInt   the tick: CIA-A timer A's interrupt, through ciaa.resource
SongInt:
02a6  48e7ffff             movem.l    d0-d7/a0-a7, -(a7)                
02aa  287c00008ffe         movea.l    #$8ffe, a4                        ; 8ffe
02b0  4ab900001290         tst.l      $1290.l                           ; SoundPtr
02b6  6704                 beq.b      $2bc                              
02b8  4ebafe4a             jsr        $104(pc)                          ; sfx_start
02bc  4a790000128e         tst.w      $128e.l                           ; Paused
02c2  6634                 bne.b      $2f8                              
02c4  4a790000127c         tst.w      $127c.l                           ; PlayState
02ca  672c                 beq.b      $2f8                              
02cc  0c7900010000127c     cmpi.w     #$1, $127c.l                      ; PlayState
02d4  67000084             beq.w      $35a                              ; song_begin
02d8  0c7900020000127c     cmpi.w     #$2, $127c.l                      ; PlayState
02e0  6700013c             beq.w      $41e                              ; song_step
02e4  0c7900030000127c     cmpi.w     #$3, $127c.l                      ; PlayState
02ec  6710                 beq.b      $2fe                              ; song_stop
02ee  0c7900040000127c     cmpi.w     #$4, $127c.l                      ; PlayState
02f6  6712                 beq.b      $30a                              ; song_fade
02f8  4cdfffff             movem.l    (a7)+, d0-d7/a0-a7                
02fc  4e75                 rts                                          

; ================================================================================================
; song_stop   PlayState 3: 0, and the channels off
song_stop:
02fe  42790000127c         clr.w      $127c.l                           ; PlayState
0304  4eba01d4             jsr        $4da(pc)                          ; audio_off
0308  60ee                 bra.b      $2f8                              

; ================================================================================================
; song_fade   PlayState 4: a fade step every FadeSpeed + 1 ticks, the tracks on meanwhile
song_fade:
030a  53790000128a         subq.w     #$1, $128a.l                      ; FadeCount
0310  6c00010c             bge.w      $41e                              
0314  33f90000128c0000128a move.w     $128c.l, $128a.l                  ; FadeSpeed, FadeCount
031e  4247                 clr.w      d7                                
0320  41f9000012aa         lea.l      $12aa.l, a0                       ; Track0Info
0326  6120                 bsr.b      $348                              ; track_fade
0328  41f9000012f4         lea.l      $12f4.l, a0                       ; Track1Info
032e  6118                 bsr.b      $348                              ; track_fade
0330  41f90000133e         lea.l      $133e.l, a0                       ; Track2Info
0336  6110                 bsr.b      $348                              ; track_fade
0338  41f900001388         lea.l      $1388.l, a0                       ; Track3Info
033e  6108                 bsr.b      $348                              ; track_fade
0340  4a47                 tst.w      d7                                
0342  660000da             bne.w      $41e                              ; song_step
0346  60b6                 bra.b      $2fe                              ; song_stop

; ================================================================================================
; track_fade   a track's volume one lower, D7 set while any is above 0
track_fade:
0348  3028001e             move.w     $1e(a0), d0                       
034c  4a40                 tst.w      d0                                
034e  6708                 beq.b      $358                              
0350  5368001e             subq.w     #$1, $1e(a0)                      
0354  3e3cffff             move.w     #$ffff, d7                        
0358  4e75                 rts                                          

; ================================================================================================
; song_begin   PlayState 1: the four tracks from the song's sequences, PlayState 2
song_begin:
035a  207900001286         movea.l    $1286.l, a0                       ; SongAddr
0360  33fcffff000012aa     move.w     #$ffff, $12aa.l                   ; Track0Info
0368  2250                 movea.l    (a0), a1                          
036a  23c9000012ac         move.l     a1, $12ac.l                       ; Track0Info+2
0370  23d1000012b0         move.l     (a1), $12b0.l                     ; Track0Info+6
0376  42b9000012b4         clr.l      $12b4.l                           ; Track0Info+a
037c  4279000012b8         clr.w      $12b8.l                           ; Track0Info+e
0382  33fc0020000012c8     move.w     #$20, $12c8.l                     ; Track0Info+1e
038a  33fcffff000012f4     move.w     #$ffff, $12f4.l                   ; Track1Info
0392  22680004             movea.l    $4(a0), a1                        
0396  23c9000012f6         move.l     a1, $12f6.l                       ; Track1Info+2
039c  23d1000012fa         move.l     (a1), $12fa.l                     ; Track1Info+6
03a2  42b9000012fe         clr.l      $12fe.l                           ; Track1Info+a
03a8  427900001302         clr.w      $1302.l                           ; Track1Info+e
03ae  33fc002000001312     move.w     #$20, $1312.l                     ; Track1Info+1e
03b6  33fcffff0000133e     move.w     #$ffff, $133e.l                   ; Track2Info
03be  22680008             movea.l    $8(a0), a1                        
03c2  23c900001340         move.l     a1, $1340.l                       ; Track2Info+2
03c8  23d100001344         move.l     (a1), $1344.l                     ; Track2Info+6
03ce  42b900001348         clr.l      $1348.l                           ; Track2Info+a
03d4  42790000134c         clr.w      $134c.l                           ; Track2Info+e
03da  33fc00200000135c     move.w     #$20, $135c.l                     ; Track2Info+1e
03e2  33fcffff00001388     move.w     #$ffff, $1388.l                   ; Track3Info
03ea  2268000c             movea.l    $c(a0), a1                        
03ee  23c90000138a         move.l     a1, $138a.l                       ; Track3Info+2
03f4  23d10000138e         move.l     (a1), $138e.l                     ; Track3Info+6
03fa  42b900001392         clr.l      $1392.l                           ; Track3Info+a
0400  427900001396         clr.w      $1396.l                           ; Track3Info+e
0406  33fc0020000013a6     move.w     #$20, $13a6.l                     ; Track3Info+1e
040e  33fc00020000127c     move.w     #$2, $127c.l                      ; PlayState
0416  33fc000f00dff096     move.w     #$f, $dff096.l                    

; ================================================================================================
; song_step   PlayState 2: the four tracks' steps; none left playing ends the song
song_step:
041e  47f9000012aa         lea.l      $12aa.l, a3                       ; Track0Info
0424  33fc800100001000     move.w     #$8001, $1000.l                   ; dma_on
042c  33fc000100001002     move.w     #$1, $1002.l                      ; dma_off
0434  33fc808000001004     move.w     #$8080, $1004.l                   ; int_on
043c  33fc000000001006     move.w     #$0, $1006.l                      ; track_number
0444  4eba00ae             jsr        $4f4(pc)                          ; track_step
0448  47f9000012f4         lea.l      $12f4.l, a3                       ; Track1Info
044e  33fc800200001000     move.w     #$8002, $1000.l                   ; dma_on
0456  33fc000200001002     move.w     #$2, $1002.l                      ; dma_off
045e  33fc810000001004     move.w     #$8100, $1004.l                   ; int_on
0466  33fc000100001006     move.w     #$1, $1006.l                      ; track_number
046e  4eba0084             jsr        $4f4(pc)                          ; track_step
0472  47f90000133e         lea.l      $133e.l, a3                       ; Track2Info
0478  33fc800400001000     move.w     #$8004, $1000.l                   ; dma_on
0480  33fc000400001002     move.w     #$4, $1002.l                      ; dma_off
0488  33fc820000001004     move.w     #$8200, $1004.l                   ; int_on
0490  33fc000200001006     move.w     #$2, $1006.l                      ; track_number
0498  615a                 bsr.b      $4f4                              ; track_step
049a  47f900001388         lea.l      $1388.l, a3                       ; Track3Info
04a0  33fc800800001000     move.w     #$8008, $1000.l                   ; dma_on
04a8  33fc000800001002     move.w     #$8, $1002.l                      ; dma_off
04b0  33fc840000001004     move.w     #$8400, $1004.l                   ; int_on
04b8  33fc000300001006     move.w     #$3, $1006.l                      ; track_number
04c0  6132                 bsr.b      $4f4                              ; track_step
04c2  4ab90000127e         tst.l      $127e.l                           ; TrackState
04c8  6600fe2e             bne.w      $2f8                              
04cc  33fc00000000127c     move.w     #$0, $127c.l                      ; PlayState
04d4  6104                 bsr.b      $4da                              ; audio_off
04d6  6000fe20             bra.w      $2f8                              

; ================================================================================================
; audio_off   the audio interrupts and DMA off
audio_off:
04da  33fc078000dff09a     move.w     #$780, $dff09a.l                  
04e2  33fc078000dff01e     move.w     #$780, $dff01e.l                  
04ea  33fc000f00dff096     move.w     #$f, $dff096.l                    
04f2  4e75                 rts                                          

; ================================================================================================
; track_step   one track, one tick: the note's time, arpeggio, vibrato, release, or the next event
track_step:
04f4  4a53                 tst.w      (a3)                              
04f6  670002f0             beq.w      $7e8                              
04fa  4243                 clr.w      d3                                
04fc  4a6b000e             tst.w      $e(a3)                            
0500  670000d0             beq.w      $5d2                              ; track_read
0504  206b003c             movea.l    $3c(a3), a0                       
0508  4a680022             tst.w      $22(a0)                           
050c  6712                 beq.b      $520                              
050e  3028002c             move.w     $2c(a0), d0                       
0512  5268002c             addq.w     #$1, $2c(a0)                      
0516  c07c0003             and.w      #$3, d0                           
051a  e348                 lsl.w      #$1, d0                           
051c  36300024             move.w     $24(a0, d0.w), d3                 
0520  536b000e             subq.w     #$1, $e(a3)                       
0524  302b000e             move.w     $e(a3), d0                        
0528  b06b0010             cmp.w      $10(a3), d0                       
052c  676a                 beq.b      $598                              ; note_release
052e  206b003c             movea.l    $3c(a3), a0                       
0532  4a680022             tst.w      $22(a0)                           
0536  670e                 beq.b      $546                              
0538  322b0040             move.w     $40(a3), d1                       
053c  d243                 add.w      d3, d1                            
053e  4eba02aa             jsr        $7ea(pc)                          ; note_period
0542  600002a4             bra.w      $7e8                              
0546  4a68001e             tst.w      $1e(a0)                           
054a  6700029c             beq.w      $7e8                              
054e  5368001c             subq.w     #$1, $1c(a0)                      
0552  6e000294             bgt.w      $7e8                              
0556  31680018001c         move.w     $18(a0), $1c(a0)                  
055c  322b0020             move.w     $20(a3), d1                       
0560  302b0042             move.w     $42(a3), d0                       
0564  3400                 move.w     d0, d2                            
0566  9041                 sub.w      d1, d0                            
0568  4a6b0044             tst.w      $44(a3)                           
056c  6d22                 blt.b      $590                              
056e  b0680012             cmp.w      $12(a0), d0                       
0572  6304                 bls.b      $578                              
0574  446b0044             neg.w      $44(a3)                           
0578  d46b0044             add.w      $44(a3), d2                       
057c  4a6b0046             tst.w      $46(a3)                           
0580  6606                 bne.b      $588                              
0582  2c6b002c             movea.l    $2c(a3), a6                       
0586  3c82                 move.w     d2, (a6)                          
0588  37420042             move.w     d2, $42(a3)                       
058c  6000025a             bra.w      $7e8                              
0590  b0680014             cmp.w      $14(a0), d0                       
0594  62e2                 bhi.b      $578                              
0596  60dc                 bra.b      $574                              

; ================================================================================================
; note_release   the note's release: its channel off unless tied or held
note_release:
0598  0c6b00010038         cmpi.w     #$1, $38(a3)                      
059e  67000248             beq.w      $7e8                              
05a2  4a6b003a             tst.w      $3a(a3)                           
05a6  66000240             bne.w      $7e8                              
05aa  4a6b0046             tst.w      $46(a3)                           
05ae  6618                 bne.b      $5c8                              
05b0  33f90000100200dff096 move.w     $1002.l, $dff096.l                ; dma_off
05ba  2c6b0028             movea.l    $28(a3), a6                       
05be  4256                 clr.w      (a6)                              
05c0  2c6b002c             movea.l    $2c(a3), a6                       
05c4  3cbc007c             move.w     #$7c, (a6)                        
05c8  377cffff0012         move.w     #$ffff, $12(a3)                   
05ce  60000218             bra.w      $7e8                              

; ================================================================================================
; track_read   the next event of the track's pattern
track_read:
05d2  206b0002             movea.l    $2(a3), a0                        
05d6  226b0006             movea.l    $6(a3), a1                        
05da  202b000a             move.l     $a(a3), d0                        
05de  4241                 clr.w      d1                                
05e0  1211                 move.b     (a1), d1                          
05e2  4242                 clr.w      d2                                
05e4  14290001             move.b     $1(a1), d2                        
05e8  b27c00d9             cmp.w      #$d9, d1                          
05ec  6c2a                 bge.b      $618                              
05ee  08010007             btst.b     #$7, d1                           
05f2  670e                 beq.b      $602                              
05f4  4a6b003a             tst.w      $3a(a3)                           
05f8  660c                 bne.b      $606                              
05fa  377c0002003a         move.w     #$2, $3a(a3)                      
0600  6004                 bra.b      $606                              
0602  426b003a             clr.w      $3a(a3)                           
0606  c27c007f             and.w      #$7f, d1                          
060a  d2700004             add.w      $4(a0, d0.w), d1                  
060e  37410040             move.w     d1, $40(a3)                       
0612  d243                 add.w      d3, d1                            
0614  600000ee             bra.w      $704                              ; note_start
0618  b27c00d9             cmp.w      #$d9, d1                          
061c  6738                 beq.b      $656                              ; event_next
061e  b27c00db             cmp.w      #$db, d1                          
0622  6746                 beq.b      $66a                              ; event_repeat
0624  b27c00da             cmp.w      #$da, d1                          
0628  6758                 beq.b      $682                              ; event_end
062a  b27c00dc             cmp.w      #$dc, d1                          
062e  6758                 beq.b      $688                              ; event_voice
0630  b27c00dd             cmp.w      #$dd, d1                          
0634  6774                 beq.b      $6aa                              ; event_tempo_hi
0636  b27c00de             cmp.w      #$de, d1                          
063a  67000086             beq.w      $6c2                              ; event_tempo_lo
063e  b27c00df             cmp.w      #$df, d1                          
0642  67000098             beq.w      $6dc                              ; event_volume
0646  b27c00e0             cmp.w      #$e0, d1                          
064a  670000b0             beq.w      $6fc                              ; event_hold
064e  54ab0006             addq.l     #$2, $6(a3)                       
0652  5489                 addq.l     #$2, a1                           
0654  6088                 bra.b      $5de                              

; ================================================================================================
; event_next   0xD9: the next entry of the track's sequence
event_next:
0656  5cab000a             addq.l     #$6, $a(a3)                       
065a  5c80                 addq.l     #$6, d0                           
065c  277000000006         move.l     (a0, d0.w), $6(a3)                
0662  226b0006             movea.l    $6(a3), a1                        
0666  6000ff76             bra.w      $5de                              

; ================================================================================================
; event_repeat   0xDB: the sequence from its first entry again
event_repeat:
066a  42ab000a             clr.l      $a(a3)                            
066e  206b0002             movea.l    $2(a3), a0                        
0672  27500006             move.l     (a0), $6(a3)                      
0676  226b0006             movea.l    $6(a3), a1                        
067a  202b000a             move.l     $a(a3), d0                        
067e  6000ff5e             bra.w      $5de                              

; ================================================================================================
; event_end   0xDA: the track ends
event_end:
0682  4253                 clr.w      (a3)                              
0684  60000162             bra.w      $7e8                              

; ================================================================================================
; event_voice   0xDC: the track's instrument
event_voice:
0688  e54a                 lsl.w      #$2, d2                           
068a  2479000013d6         movea.l    $13d6.l, a2                       ; voice_table
0690  24722000             movea.l    (a2, d2.w), a2                    
0694  274a003c             move.l     a2, $3c(a3)                       
0698  27520014             move.l     (a2), $14(a3)                     
069c  276a00040018         move.l     $4(a2), $18(a3)                   
06a2  376a0008001c         move.w     $8(a2), $1c(a3)                   
06a8  60a4                 bra.b      $64e                              

; ================================================================================================
; event_tempo_hi   0xDD: timer A's latch high byte, the timer loaded and started
event_tempo_hi:
06aa  13c200bfe501         move.b     d2, $bfe501.l                     
06b0  13fc001000bfee01     move.b     #$10, $bfee01.l                   
06b8  13fc000100bfee01     move.b     #$1, $bfee01.l                    
06c0  608c                 bra.b      $64e                              

; ================================================================================================
; event_tempo_lo   0xDE: its low byte
event_tempo_lo:
06c2  13c200bfe401         move.b     d2, $bfe401.l                     
06c8  13fc001000bfee01     move.b     #$10, $bfee01.l                   
06d0  13fc000100bfee01     move.b     #$1, $bfee01.l                    
06d8  6000ff74             bra.w      $64e                              

; ================================================================================================
; event_volume   0xDF: the track's volume, unless the song fades
event_volume:
06dc  0c7900040000127c     cmpi.w     #$4, $127c.l                      ; PlayState
06e4  6700ff68             beq.w      $64e                              
06e8  4a6b0046             tst.w      $46(a3)                           
06ec  6606                 bne.b      $6f4                              
06ee  2c6b0028             movea.l    $28(a3), a6                       
06f2  3c82                 move.w     d2, (a6)                          
06f4  3742001e             move.w     d2, $1e(a3)                       
06f8  6000ff54             bra.w      $64e                              

; ================================================================================================
; event_hold   0xE0: +0x38, 1 keeps the note past its release
event_hold:
06fc  37420038             move.w     d2, $38(a3)                       
0700  6000ff4c             bra.w      $64e                              

; ================================================================================================
; note_start   a note: its length and release from the durations, its sample, period, volume
note_start:
0704  54ab0006             addq.l     #$2, $6(a3)                       
0708  43f900001254         lea.l      $1254.l, a1                       ; durations
070e  4243                 clr.w      d3                                
0710  e34a                 lsl.w      #$1, d2                           
0712  16312000             move.b     (a1, d2.w), d3                    
0716  5343                 subq.w     #$1, d3                           
0718  3743000e             move.w     d3, $e(a3)                        
071c  96312001             sub.b      $1(a1, d2.w), d3                  
0720  37430010             move.w     d3, $10(a3)                       
0724  4aab0014             tst.l      $14(a3)                           
0728  670000b2             beq.w      $7dc                              
072c  4a6b003a             tst.w      $3a(a3)                           
0730  670e                 beq.b      $740                              
0732  0c6b0001003a         cmpi.w     #$1, $3a(a3)                      
0738  670000a2             beq.w      $7dc                              
073c  536b003a             subq.w     #$1, $3a(a3)                      
0740  4eba00a8             jsr        $7ea(pc)                          ; note_period
0744  4a43                 tst.w      d3                                
0746  6710                 beq.b      $758                              
0748  2412                 move.l     (a2), d2                          
074a  d4aa0004             add.l      $4(a2), d2                        
074e  3803                 move.w     d3, d4                            
0750  d1c2                 adda.l     d2, a0                            
0752  e38a                 lsl.l      #$1, d2                           
0754  5344                 subq.w     #$1, d4                           
0756  66f8                 bne.b      $750                              
0758  4a6b0046             tst.w      $46(a3)                           
075c  6606                 bne.b      $764                              
075e  2c6b0030             movea.l    $30(a3), a6                       
0762  2c88                 move.l     a0, (a6)                          
0764  2412                 move.l     (a2), d2                          
0766  e7aa                 lsl.l      d3, d2                            
0768  d1c2                 adda.l     d2, a0                            
076a  27480024             move.l     a0, $24(a3)                       
076e  377c00010012         move.w     #$1, $12(a3)                      
0774  2412                 move.l     (a2), d2                          
0776  d4aa0004             add.l      $4(a2), d2                        
077a  e7aa                 lsl.l      d3, d2                            
077c  e28a                 lsr.l      #$1, d2                           
077e  4a6b0046             tst.w      $46(a3)                           
0782  6606                 bne.b      $78a                              
0784  2c6b0034             movea.l    $34(a3), a6                       
0788  3c82                 move.w     d2, (a6)                          
078a  242a0004             move.l     $4(a2), d2                        
078e  e7aa                 lsl.l      d3, d2                            
0790  e28a                 lsr.l      #$1, d2                           
0792  37420022             move.w     d2, $22(a3)                       
0796  4a6b0046             tst.w      $46(a3)                           
079a  6624                 bne.b      $7c0                              
079c  2c6b0028             movea.l    $28(a3), a6                       
07a0  302b001e             move.w     $1e(a3), d0                       
07a4  4a7900001282         tst.w      $1282.l                           ; SfxState
07aa  6604                 bne.b      $7b0                              
07ac  3c80                 move.w     d0, (a6)                          
07ae  6010                 bra.b      $7c0                              
07b0  e148                 lsl.w      #$8, d0                           
07b2  323900001284         move.w     $1284.l, d1                       ; SfxMusicVol
07b8  c0c1                 mulu.w     d1, d0                            
07ba  e088                 lsr.l      #$8, d0                           
07bc  e088                 lsr.l      #$8, d0                           
07be  3c80                 move.w     d0, (a6)                          
07c0  33fc00ff00dff09e     move.w     #$ff, $dff09e.l                   
07c8  33f90000100000dff096 move.w     $1000.l, $dff096.l                ; dma_on
07d2  33f90000100400dff09a move.w     $1004.l, $dff09a.l                ; int_on
07dc  303900001006         move.w     $1006.l, d0                       ; track_number
07e2  01f90000127e         bset.b     d0, $127e.l                       ; TrackState
07e8  4e75                 rts                                          

; ================================================================================================
; note_period   D1 note -> the octave's sample and the period, into the channel
note_period:
07ea  206b0018             movea.l    $18(a3), a0                       
07ee  246b0014             movea.l    $14(a3), a2                       
07f2  4282                 clr.l      d2                                
07f4  3401                 move.w     d1, d2                            
07f6  84eb001c             divu.w     $1c(a3), d2                       
07fa  4243                 clr.w      d3                                
07fc  162a000e             move.b     $e(a2), d3                        
0800  9642                 sub.w      d2, d3                            
0802  5343                 subq.w     #$1, d3                           
0804  4a43                 tst.w      d3                                
0806  6c02                 bge.b      $80a                              
0808  4243                 clr.w      d3                                
080a  927c001b             sub.w      #$1b, d1                          
080e  e549                 lsl.w      #$2, d1                           
0810  43f900001134         lea.l      $1134.l, a1                       ; note_clocks+f0
0816  22311000             move.l     (a1, d1.w), d1                    
081a  242a0008             move.l     $8(a2), d2                        
081e  e7aa                 lsl.l      d3, d2                            
0820  82c2                 divu.w     d2, d1                            
0822  4a6b0046             tst.w      $46(a3)                           
0826  6606                 bne.b      $82e                              
0828  2c6b002c             movea.l    $2c(a3), a6                       
082c  3c81                 move.w     d1, (a6)                          
082e  37410020             move.w     d1, $20(a3)                       
0832  37410042             move.w     d1, $42(a3)                       
0836  2c6b003c             movea.l    $3c(a3), a6                       
083a  3d6e001a001c         move.w     $1a(a6), $1c(a6)                  
0840  376e00160044         move.w     $16(a6), $44(a3)                  
0846  4e75                 rts                                          

; ================================================================================================
; SongIntHandler   the level-4 handler the player puts at 0x70
SongIntHandler:
0848  48e7ffff             movem.l    d0-d7/a0-a7, -(a7)                
084c  287c00008ffe         movea.l    #$8ffe, a4                        ; 8ffe
0852  303900dff01e         move.w     $dff01e.l, d0                     
0858  41f9000012aa         lea.l      $12aa.l, a0                       ; Track0Info
085e  323c0007             move.w     #$7, d1                           
0862  343c0001             move.w     #$1, d2                           
0866  363c0080             move.w     #$80, d3                          
086a  6142                 bsr.b      $8ae                              ; CheckChannelInt
086c  41f9000012f4         lea.l      $12f4.l, a0                       ; Track1Info
0872  323c0008             move.w     #$8, d1                           
0876  343c0002             move.w     #$2, d2                           
087a  363c0100             move.w     #$100, d3                         
087e  612e                 bsr.b      $8ae                              ; CheckChannelInt
0880  41f90000133e         lea.l      $133e.l, a0                       ; Track2Info
0886  323c0009             move.w     #$9, d1                           
088a  343c0004             move.w     #$4, d2                           
088e  363c0200             move.w     #$200, d3                         
0892  611a                 bsr.b      $8ae                              ; CheckChannelInt
0894  41f900001388         lea.l      $1388.l, a0                       ; Track3Info
089a  323c000a             move.w     #$a, d1                           
089e  343c0008             move.w     #$8, d2                           
08a2  363c0400             move.w     #$400, d3                         
08a6  6106                 bsr.b      $8ae                              ; CheckChannelInt
08a8  4cdfffff             movem.l    (a7)+, d0-d7/a0-a7                
08ac  4e73                 rte                                          

; ================================================================================================
; CheckChannelInt   a channel's interrupt: the loop part set after the start, or the channel off
CheckChannelInt:
08ae  0300                 btst.l     d1, d0                            
08b0  675c                 beq.b      $90e                              
08b2  4a680046             tst.w      $46(a0)                           
08b6  665e                 bne.b      $916                              
08b8  4a680012             tst.w      $12(a0)                           
08bc  6d50                 blt.b      $90e                              
08be  670c                 beq.b      $8cc                              
08c0  4a680022             tst.w      $22(a0)                           
08c4  6632                 bne.b      $8f8                              
08c6  42680012             clr.w      $12(a0)                           
08ca  6042                 bra.b      $90e                              
08cc  5f41                 subq.w     #$7, d1                           
08ce  03b900001282         bclr.b     d1, $1282.l                       ; SfxState
08d4  22680028             movea.l    $28(a0), a1                       
08d8  4251                 clr.w      (a1)                              
08da  2268002c             movea.l    $2c(a0), a1                       
08de  32bc007c             move.w     #$7c, (a1)                        
08e2  33c200dff096         move.w     d2, $dff096.l                     
08e8  317cffff0012         move.w     #$ffff, $12(a0)                   
08ee  42680048             clr.w      $48(a0)                           
08f2  42680046             clr.w      $46(a0)                           
08f6  6016                 bra.b      $90e                              
08f8  22680034             movea.l    $34(a0), a1                       
08fc  32a80022             move.w     $22(a0), (a1)                     
0900  22680030             movea.l    $30(a0), a1                       
0904  22a80024             move.l     $24(a0), (a1)                     
0908  317cffff0012         move.w     #$ffff, $12(a0)                   
090e  33c300dff09c         move.w     d3, $dff09c.l                     
0914  4e75                 rts                                          
0916  0c68ffff0048         cmpi.w     #$ffff, $48(a0)                   
091c  67f0                 beq.b      $90e                              
091e  4a680048             tst.w      $48(a0)                           
0922  67a8                 beq.b      $8cc                              
0924  53680048             subq.w     #$1, $48(a0)                      
0928  60e4                 bra.b      $90e                              

; ================================================================================================
; _PlaySong   command 2: PlaySong of the song _ReadInstruments chose, unless one plays
_PlaySong:
092a  48e7ffff             movem.l    d0-d7/a0-a7, -(a7)                
092e  2079000013d2         movea.l    $13d2.l, a0                       ; song_ptr
0934  4ebaf968             jsr        $29e(pc)                          ; _GetSongStat
0938  4a40                 tst.w      d0                                
093a  6604                 bne.b      $940                              
093c  4ebaf93e             jsr        $27c(pc)                          ; PlaySong
0940  4cdfffff             movem.l    (a7)+, d0-d7/a0-a7                
0944  4e75                 rts                                          

; ================================================================================================
; _ReadInstruments   command 1: (D1 song, D2 song data) the song, its voices' VHDR and BODY
_ReadInstruments:
0946  48e7ffff             movem.l    d0-d7/a0-a7, -(a7)                
094a  2042                 movea.l    d2, a0                            
094c  e541                 asl.w      #$2, d1                           
094e  20701000             movea.l    (a0, d1.w), a0                    
0952  23c8000013d2         move.l     a0, $13d2.l                       ; song_ptr
0958  d1fc00000010         adda.l     #$10, a0                          
095e  23c8000013d6         move.l     a0, $13d6.l                       ; voice_table
0964  5888                 addq.l     #$4, a0                           
0966  2250                 movea.l    (a0), a1                          
0968  b3fc00000000         cmpa.l     #$0, a1                           
096e  6726                 beq.b      $996                              
0970  2469000a             movea.l    $a(a1), a2                        
0974  b5fc00000000         cmpa.l     #$0, a2                           
097a  67e8                 beq.b      $964                              
097c  611e                 bsr.b      $99c                              ; find_vhdr
097e  228a                 move.l     a2, (a1)                          
0980  4240                 clr.w      d0                                
0982  102a000e             move.b     $e(a2), d0                        
0986  7253                 moveq      #$53, d1                          
0988  82c0                 divu.w     d0, d1                            
098a  33410008             move.w     d1, $8(a1)                        
098e  611c                 bsr.b      $9ac                              ; find_body
0990  234a0004             move.l     a2, $4(a1)                        
0994  60ce                 bra.b      $964                              
0996  4cdfffff             movem.l    (a7)+, d0-d7/a0-a7                
099a  4e75                 rts                                          

; ================================================================================================
; find_vhdr   A2 -> just past the "VHDR" chunk's header
find_vhdr:
099c  0c9256484452         cmpi.l     #$56484452, (a2)                  
09a2  6704                 beq.b      $9a8                              
09a4  548a                 addq.l     #$2, a2                           
09a6  60f4                 bra.b      $99c                              ; find_vhdr
09a8  508a                 addq.l     #$8, a2                           
09aa  4e75                 rts                                          

; ================================================================================================
; find_body   A2 -> just past the "BODY" chunk's header
find_body:
09ac  0c92424f4459         cmpi.l     #$424f4459, (a2)                  
09b2  6704                 beq.b      $9b8                              
09b4  548a                 addq.l     #$2, a2                           
09b6  60f4                 bra.b      $9ac                              ; find_body
09b8  508a                 addq.l     #$8, a2                           
09ba  4e75                 rts                                          

; ================================================================================================
; _OpenTimerInt   command 0: ciaa.resource's timer A with SongInt, 0x70 with SongIntHandler
_OpenTimerInt:
09bc  2f0e                 move.l     a6, -(a7)                         
09be  42790000127c         clr.w      $127c.l                           ; PlayState
09c4  42b90000127e         clr.l      $127e.l                           ; TrackState
09ca  43f90000100c         lea.l      $100c.l, a1                       ; ciaa_name
09d0  2c780004             movea.l    $4.w, a6                          
09d4  4eaefe0e             jsr        -$1f2(a6)                         
09d8  23c000001008         move.l     d0, $1008.l                       ; ciaa_base
09de  41f90000101a         lea.l      $101a.l, a0                       ; timer_node
09e4  117c00020008         move.b     #$2, $8(a0)                       
09ea  117c00000009         move.b     #$0, $9(a0)                       
09f0  43f900001030         lea.l      $1030.l, a1                       ; timer_name
09f6  2149000a             move.l     a1, $a(a0)                        
09fa  217c00000000000e     move.l     #$0, $e(a0)                       
0a02  43faf8a2             lea.l      $2a6(pc), a1                      
0a06  21490012             move.l     a1, $12(a0)                       
0a0a  2c7900001008         movea.l    $1008.l, a6                       ; ciaa_base
0a10  7000                 moveq      #$0, d0                           
0a12  43f90000101a         lea.l      $101a.l, a1                       ; timer_node
0a18  4eaefffa             jsr        -$6(a6)                           
0a1c  13fc000100bfee01     move.b     #$1, $bfee01.l                    
0a24  33fc078000dff09a     move.w     #$780, $dff09a.l                  
0a2c  23f8007000001040     move.l     $70.w, $1040.l                    ; saved_level4_vector
0a34  43fafe12             lea.l      $848(pc), a1                      
0a38  21c90070             move.l     a1, $70.w                         
0a3c  33fc078000dff01e     move.w     #$780, $dff01e.l                  
0a44  33fc878000dff09a     move.w     #$8780, $dff09a.l                 
0a4c  2c5f                 movea.l    (a7)+, a6                         
0a4e  4e75                 rts                                          

; ================================================================================================
; _CloseTimerInt   command 4: the vector removed, 0x70 given back, the channels off
_CloseTimerInt:
0a50  2f0e                 move.l     a6, -(a7)                         
0a52  2c7900001008         movea.l    $1008.l, a6                       ; ciaa_base
0a58  7000                 moveq      #$0, d0                           
0a5a  43f90000101a         lea.l      $101a.l, a1                       ; timer_node
0a60  4eaefff4             jsr        -$c(a6)                           
0a64  33fc078000dff09a     move.w     #$780, $dff09a.l                  
0a6c  33fc078000dff01e     move.w     #$780, $dff01e.l                  
0a74  33fc000f00dff096     move.w     #$f, $dff096.l                    
0a7c  21f9000010400070     move.l     $1040.l, $70.w                    ; saved_level4_vector
0a84  2c5f                 movea.l    (a7)+, a6                         
0a86  4e75                 rts                                          

; ================================================================================================
; DATA

1000  dma_on                 2 bytes   ; word: the track's channel with the SET bit, for DMACON
      1000  0000
1002  dma_off                2 bytes   ; word: the track's channel, for DMACON
      1002  0000
1004  int_on                 2 bytes   ; word: the track's interrupt with the SET bit, for INTENA
      1004  0000
1006  track_number           2 bytes   ; word: 0 to 3, the bit TrackState gets
      1006  0000
1008  ciaa_base              4 bytes   ; long: OpenResource("ciaa.resource")
      1008  00000000
100c  ciaa_name              14 bytes   ; "ciaa.resource"
      100c  636961612e7265736f7572636500
101a  timer_node             22 bytes   ; Interrupt: ln_Type 2, is_Code SongInt
      101a  00000000000000000000000000000000
      102a  000000000000
1030  timer_name             16 bytes   ; "Music TimerInt"
      1030  4d757369632054696d6572496e740000
1040  saved_level4_vector    4 bytes   ; long: the vector at 0x70 before _OpenTimerInt
      1040  00000000
1044  note_clocks            528 bytes   ; 132 longs: per note, the colour clocks of one cycle; a period is this / samplesPerHiCycle
      1044  0006ae4000064e400005f3a800059e24
      1054  00054d6c0005013c0004b95400047574
      1064  000435640003f8ec0003bfd8000389f8
      1074  00035720000327200002f9d40002cf12
      1084  0002a6b60002809e00025caa00023aba
      1094  00021ab20001fc760001dfec0001c4fc
      10a4  0001ab900001939000017cea00016789
      10b4  0001535b0001404f00012e5500011d5d
      10c4  00010d590000fe3b0000eff60000e27e
      10d4  0000d5c80000c9c80000be750000b3c4
      10e4  0000a9ad0000a0270000972a00008eae
      10f4  000086ac00007f1d000077fb0000713f
      1104  00006ae4000064e400005f3a000059e2
      1114  000054d70000501400004b9500004757
      1124  0000435600003f8f00003bfd000038a0
      1134  000035720000327200002f9d00002cf1
      1144  00002a6b0000280a000025cb000023ac
      1154  000021ab00001fc700001dff00001c50
      1164  00001ab900001939000017cf00001679
      1174  0000153600001405000012e5000011d6
      1184  000010d600000fe400000eff00000e28
      1194  00000d5c00000c9d00000be700000b3c
      11a4  00000a9b00000a0200000973000008eb
      11b4  0000086b000007f20000078000000714
      11c4  000006ae0000064e000005f40000059e
      11d4  0000054d00000501000004b900000475
      11e4  00000435000003f9000003c00000038a
      11f4  0000035700000327000002fa000002cf
      1204  000002a7000002810000025d0000023b
      1214  0000021b000001fc000001e0000001c5
      1224  000001ab000001930000017d00000167
      1234  00000153000001400000012e0000011d
      1244  0000010d000000fe000000f0000000e2
1254  durations              40 bytes   ; 20 byte pairs: a note's length in ticks and the tick of its release
      1254  6056302b201c403a181548400c0a544b
      1264  3c36242006055a514e46423b36302a26
      1274  1e1b12100807100e
127c  PlayState              2 bytes
      127c  0000
127e  TrackState             4 bytes
      127e  00000000
1282  SfxState               2 bytes
      1282  0000
1284  SfxMusicVol            2 bytes
      1284  0000
1286  SongAddr               4 bytes
      1286  00000000
128a  FadeCount              2 bytes
      128a  0000
128c  FadeSpeed              2 bytes
      128c  0000
128e  Paused                 2 bytes
      128e  0000
1290  SoundPtr               4 bytes
      1290  00000000
1294  SoundChannel           2 bytes
      1294  0000
1296  SoundVolume            2 bytes
      1296  0000
1298  SoundCount             2 bytes
      1298  0000
129a  TrackInfo              16 bytes
      129a  000012aa000012f40000133e00001388
12aa  Track0Info             74 bytes
      12aa  00000000000000000000000000000000
      12ba  00000000000000000000000000000020
      12ca  007c00000000000000dff0a800dff0a6
      12da  00dff0a000dff0a40000000000000000
      12ea  00000000000000000000
12f4  Track1Info             74 bytes
      12f4  00000000000000000000000000000000
      1304  00000000000000000000000000000020
      1314  007c00000000000000dff0b800dff0b6
      1324  00dff0b000dff0b40000000000000000
      1334  00000000000000000000
133e  Track2Info             74 bytes
      133e  00000000000000000000000000000000
      134e  00000000000000000000000000000020
      135e  007c00000000000000dff0c800dff0c6
      136e  00dff0c000dff0c40000000000000000
      137e  00000000000000000000
1388  Track3Info             74 bytes
      1388  00000000000000000000000000000000
      1398  00000000000000000000000000000020
      13a8  007c00000000000000dff0d800dff0d6
      13b8  00dff0d000dff0d40000000000000000
      13c8  00000000000000000000
13d2  song_ptr               4 bytes   ; long: the song _ReadInstruments chose
      13d2  00000000
13d6  voice_table            6 bytes   ; long: the song + 0x10, its voices by number
      13d6  000000000000
